Archive member included to satisfy reference by file (symbol)

d:/program files/gnu arm embedded toolchain/10 2021.07/bin/../lib/gcc/arm-none-eabi/10.3.1/../../../../arm-none-eabi/lib/thumb/v7e-m+fp/hard\libc.a(lib_a-exit.o)
                              d:/program files/gnu arm embedded toolchain/10 2021.07/bin/../lib/gcc/arm-none-eabi/10.3.1/../../../../arm-none-eabi/lib/thumb/v7e-m+fp/hard/crt0.o (exit)
d:/program files/gnu arm embedded toolchain/10 2021.07/bin/../lib/gcc/arm-none-eabi/10.3.1/../../../../arm-none-eabi/lib/thumb/v7e-m+fp/hard\libc.a(lib_a-impure.o)
                              d:/program files/gnu arm embedded toolchain/10 2021.07/bin/../lib/gcc/arm-none-eabi/10.3.1/../../../../arm-none-eabi/lib/thumb/v7e-m+fp/hard\libc.a(lib_a-exit.o) (_global_impure_ptr)
d:/program files/gnu arm embedded toolchain/10 2021.07/bin/../lib/gcc/arm-none-eabi/10.3.1/../../../../arm-none-eabi/lib/thumb/v7e-m+fp/hard\libc.a(lib_a-init.o)
                              d:/program files/gnu arm embedded toolchain/10 2021.07/bin/../lib/gcc/arm-none-eabi/10.3.1/../../../../arm-none-eabi/lib/thumb/v7e-m+fp/hard/crt0.o (__libc_init_array)
d:/program files/gnu arm embedded toolchain/10 2021.07/bin/../lib/gcc/arm-none-eabi/10.3.1/../../../../arm-none-eabi/lib/thumb/v7e-m+fp/hard\libc.a(lib_a-memcpy.o)
                              build/queue.o (memcpy)
d:/program files/gnu arm embedded toolchain/10 2021.07/bin/../lib/gcc/arm-none-eabi/10.3.1/../../../../arm-none-eabi/lib/thumb/v7e-m+fp/hard\libc.a(lib_a-memset.o)
                              d:/program files/gnu arm embedded toolchain/10 2021.07/bin/../lib/gcc/arm-none-eabi/10.3.1/../../../../arm-none-eabi/lib/thumb/v7e-m+fp/hard/crt0.o (memset)
d:/program files/gnu arm embedded toolchain/10 2021.07/bin/../lib/gcc/arm-none-eabi/10.3.1/../../../../arm-none-eabi/lib/thumb/v7e-m+fp/hard\libc.a(lib_a-__call_atexit.o)
                              d:/program files/gnu arm embedded toolchain/10 2021.07/bin/../lib/gcc/arm-none-eabi/10.3.1/../../../../arm-none-eabi/lib/thumb/v7e-m+fp/hard\libc.a(lib_a-exit.o) (__call_exitprocs)
d:/program files/gnu arm embedded toolchain/10 2021.07/bin/../lib/gcc/arm-none-eabi/10.3.1/../../../../arm-none-eabi/lib/thumb/v7e-m+fp/hard\libc.a(lib_a-atexit.o)
                              d:/program files/gnu arm embedded toolchain/10 2021.07/bin/../lib/gcc/arm-none-eabi/10.3.1/../../../../arm-none-eabi/lib/thumb/v7e-m+fp/hard\libc.a(lib_a-__call_atexit.o) (atexit)
d:/program files/gnu arm embedded toolchain/10 2021.07/bin/../lib/gcc/arm-none-eabi/10.3.1/../../../../arm-none-eabi/lib/thumb/v7e-m+fp/hard\libc.a(lib_a-fini.o)
                              d:/program files/gnu arm embedded toolchain/10 2021.07/bin/../lib/gcc/arm-none-eabi/10.3.1/../../../../arm-none-eabi/lib/thumb/v7e-m+fp/hard\libc.a(lib_a-__call_atexit.o) (__libc_fini_array)
d:/program files/gnu arm embedded toolchain/10 2021.07/bin/../lib/gcc/arm-none-eabi/10.3.1/../../../../arm-none-eabi/lib/thumb/v7e-m+fp/hard\libc.a(lib_a-lock.o)
                              d:/program files/gnu arm embedded toolchain/10 2021.07/bin/../lib/gcc/arm-none-eabi/10.3.1/../../../../arm-none-eabi/lib/thumb/v7e-m+fp/hard\libc.a(lib_a-__call_atexit.o) (__retarget_lock_acquire_recursive)
d:/program files/gnu arm embedded toolchain/10 2021.07/bin/../lib/gcc/arm-none-eabi/10.3.1/../../../../arm-none-eabi/lib/thumb/v7e-m+fp/hard\libc.a(lib_a-__atexit.o)
                              d:/program files/gnu arm embedded toolchain/10 2021.07/bin/../lib/gcc/arm-none-eabi/10.3.1/../../../../arm-none-eabi/lib/thumb/v7e-m+fp/hard\libc.a(lib_a-atexit.o) (__register_exitproc)

Discarded input sections

 .text          0x00000000        0x0 d:/program files/gnu arm embedded toolchain/10 2021.07/bin/../lib/gcc/arm-none-eabi/10.3.1/thumb/v7e-m+fp/hard/crti.o
 .data          0x00000000        0x0 d:/program files/gnu arm embedded toolchain/10 2021.07/bin/../lib/gcc/arm-none-eabi/10.3.1/thumb/v7e-m+fp/hard/crti.o
 .bss           0x00000000        0x0 d:/program files/gnu arm embedded toolchain/10 2021.07/bin/../lib/gcc/arm-none-eabi/10.3.1/thumb/v7e-m+fp/hard/crti.o
 .data          0x00000000        0x4 d:/program files/gnu arm embedded toolchain/10 2021.07/bin/../lib/gcc/arm-none-eabi/10.3.1/thumb/v7e-m+fp/hard/crtbegin.o
 .rodata        0x00000000       0x24 d:/program files/gnu arm embedded toolchain/10 2021.07/bin/../lib/gcc/arm-none-eabi/10.3.1/thumb/v7e-m+fp/hard/crtbegin.o
 .text          0x00000000       0x7c d:/program files/gnu arm embedded toolchain/10 2021.07/bin/../lib/gcc/arm-none-eabi/10.3.1/../../../../arm-none-eabi/lib/thumb/v7e-m+fp/hard/crt0.o
 .data          0x00000000        0x0 d:/program files/gnu arm embedded toolchain/10 2021.07/bin/../lib/gcc/arm-none-eabi/10.3.1/../../../../arm-none-eabi/lib/thumb/v7e-m+fp/hard/crt0.o
 .bss           0x00000000        0x0 d:/program files/gnu arm embedded toolchain/10 2021.07/bin/../lib/gcc/arm-none-eabi/10.3.1/../../../../arm-none-eabi/lib/thumb/v7e-m+fp/hard/crt0.o
 .ARM.extab     0x00000000        0x0 d:/program files/gnu arm embedded toolchain/10 2021.07/bin/../lib/gcc/arm-none-eabi/10.3.1/../../../../arm-none-eabi/lib/thumb/v7e-m+fp/hard/crt0.o
 .ARM.exidx     0x00000000       0x10 d:/program files/gnu arm embedded toolchain/10 2021.07/bin/../lib/gcc/arm-none-eabi/10.3.1/../../../../arm-none-eabi/lib/thumb/v7e-m+fp/hard/crt0.o
 .ARM.attributes
                0x00000000       0x1c d:/program files/gnu arm embedded toolchain/10 2021.07/bin/../lib/gcc/arm-none-eabi/10.3.1/../../../../arm-none-eabi/lib/thumb/v7e-m+fp/hard/crt0.o
 .text          0x00000000        0x0 build/croutine.o
 .data          0x00000000        0x0 build/croutine.o
 .bss           0x00000000        0x0 build/croutine.o
 .comment       0x00000000       0x4a build/croutine.o
 .ARM.attributes
                0x00000000       0x39 build/croutine.o
 .text          0x00000000      0x634 build/event_groups.o
 .data          0x00000000        0x0 build/event_groups.o
 .bss           0x00000000        0x0 build/event_groups.o
 .comment       0x00000000       0x4a build/event_groups.o
 .ARM.attributes
                0x00000000       0x34 build/event_groups.o
 .data          0x00000000        0x0 build/heap.o
 .rodata        0x00000000        0x4 build/heap.o
 .data          0x00000000        0x0 build/list.o
 .bss           0x00000000        0x0 build/list.o
 .data          0x00000000        0x0 build/main.o
 .rodata        0x00000000        0x4 build/port.o
 .data          0x00000000        0x0 build/queue.o
 .text          0x00000000       0x14 build/startup.o
 .data          0x00000000        0x0 build/startup.o
 .bss           0x00000000        0x0 build/startup.o
 .text          0x00000000      0xd3c build/stream_buffer.o
 .data          0x00000000        0x0 build/stream_buffer.o
 .bss           0x00000000        0x0 build/stream_buffer.o
 .comment       0x00000000       0x4a build/stream_buffer.o
 .ARM.attributes
                0x00000000       0x34 build/stream_buffer.o
 .data          0x00000000        0x0 build/timers.o
 .text          0x00000000        0x0 d:/program files/gnu arm embedded toolchain/10 2021.07/bin/../lib/gcc/arm-none-eabi/10.3.1/../../../../arm-none-eabi/lib/thumb/v7e-m+fp/hard\libc.a(lib_a-exit.o)
 .data          0x00000000        0x0 d:/program files/gnu arm embedded toolchain/10 2021.07/bin/../lib/gcc/arm-none-eabi/10.3.1/../../../../arm-none-eabi/lib/thumb/v7e-m+fp/hard\libc.a(lib_a-exit.o)
 .bss           0x00000000        0x0 d:/program files/gnu arm embedded toolchain/10 2021.07/bin/../lib/gcc/arm-none-eabi/10.3.1/../../../../arm-none-eabi/lib/thumb/v7e-m+fp/hard\libc.a(lib_a-exit.o)
 .text.exit     0x00000000       0x20 d:/program files/gnu arm embedded toolchain/10 2021.07/bin/../lib/gcc/arm-none-eabi/10.3.1/../../../../arm-none-eabi/lib/thumb/v7e-m+fp/hard\libc.a(lib_a-exit.o)
 .debug_frame   0x00000000       0x28 d:/program files/gnu arm embedded toolchain/10 2021.07/bin/../lib/gcc/arm-none-eabi/10.3.1/../../../../arm-none-eabi/lib/thumb/v7e-m+fp/hard\libc.a(lib_a-exit.o)
 .ARM.attributes
                0x00000000       0x34 d:/program files/gnu arm embedded toolchain/10 2021.07/bin/../lib/gcc/arm-none-eabi/10.3.1/../../../../arm-none-eabi/lib/thumb/v7e-m+fp/hard\libc.a(lib_a-exit.o)
 .text          0x00000000        0x0 d:/program files/gnu arm embedded toolchain/10 2021.07/bin/../lib/gcc/arm-none-eabi/10.3.1/../../../../arm-none-eabi/lib/thumb/v7e-m+fp/hard\libc.a(lib_a-impure.o)
 .data          0x00000000        0x0 d:/program files/gnu arm embedded toolchain/10 2021.07/bin/../lib/gcc/arm-none-eabi/10.3.1/../../../../arm-none-eabi/lib/thumb/v7e-m+fp/hard\libc.a(lib_a-impure.o)
 .bss           0x00000000        0x0 d:/program files/gnu arm embedded toolchain/10 2021.07/bin/../lib/gcc/arm-none-eabi/10.3.1/../../../../arm-none-eabi/lib/thumb/v7e-m+fp/hard\libc.a(lib_a-impure.o)
 .data._impure_ptr
                0x00000000        0x4 d:/program files/gnu arm embedded toolchain/10 2021.07/bin/../lib/gcc/arm-none-eabi/10.3.1/../../../../arm-none-eabi/lib/thumb/v7e-m+fp/hard\libc.a(lib_a-impure.o)
 .text          0x00000000        0x0 d:/program files/gnu arm embedded toolchain/10 2021.07/bin/../lib/gcc/arm-none-eabi/10.3.1/../../../../arm-none-eabi/lib/thumb/v7e-m+fp/hard\libc.a(lib_a-init.o)
 .data          0x00000000        0x0 d:/program files/gnu arm embedded toolchain/10 2021.07/bin/../lib/gcc/arm-none-eabi/10.3.1/../../../../arm-none-eabi/lib/thumb/v7e-m+fp/hard\libc.a(lib_a-init.o)
 .bss           0x00000000        0x0 d:/program files/gnu arm embedded toolchain/10 2021.07/bin/../lib/gcc/arm-none-eabi/10.3.1/../../../../arm-none-eabi/lib/thumb/v7e-m+fp/hard\libc.a(lib_a-init.o)
 .data          0x00000000        0x0 d:/program files/gnu arm embedded toolchain/10 2021.07/bin/../lib/gcc/arm-none-eabi/10.3.1/../../../../arm-none-eabi/lib/thumb/v7e-m+fp/hard\libc.a(lib_a-memcpy.o)
 .bss           0x00000000        0x0 d:/program files/gnu arm embedded toolchain/10 2021.07/bin/../lib/gcc/arm-none-eabi/10.3.1/../../../../arm-none-eabi/lib/thumb/v7e-m+fp/hard\libc.a(lib_a-memcpy.o)
 .text          0x00000000        0x0 d:/program files/gnu arm embedded toolchain/10 2021.07/bin/../lib/gcc/arm-none-eabi/10.3.1/../../../../arm-none-eabi/lib/thumb/v7e-m+fp/hard\libc.a(lib_a-memset.o)
 .data          0x00000000        0x0 d:/program files/gnu arm embedded toolchain/10 2021.07/bin/../lib/gcc/arm-none-eabi/10.3.1/../../../../arm-none-eabi/lib/thumb/v7e-m+fp/hard\libc.a(lib_a-memset.o)
 .bss           0x00000000        0x0 d:/program files/gnu arm embedded toolchain/10 2021.07/bin/../lib/gcc/arm-none-eabi/10.3.1/../../../../arm-none-eabi/lib/thumb/v7e-m+fp/hard\libc.a(lib_a-memset.o)
 .text          0x00000000        0x0 d:/program files/gnu arm embedded toolchain/10 2021.07/bin/../lib/gcc/arm-none-eabi/10.3.1/../../../../arm-none-eabi/lib/thumb/v7e-m+fp/hard\libc.a(lib_a-__call_atexit.o)
 .data          0x00000000        0x0 d:/program files/gnu arm embedded toolchain/10 2021.07/bin/../lib/gcc/arm-none-eabi/10.3.1/../../../../arm-none-eabi/lib/thumb/v7e-m+fp/hard\libc.a(lib_a-__call_atexit.o)
 .bss           0x00000000        0x0 d:/program files/gnu arm embedded toolchain/10 2021.07/bin/../lib/gcc/arm-none-eabi/10.3.1/../../../../arm-none-eabi/lib/thumb/v7e-m+fp/hard\libc.a(lib_a-__call_atexit.o)
 .text.__call_exitprocs
                0x00000000       0xcc d:/program files/gnu arm embedded toolchain/10 2021.07/bin/../lib/gcc/arm-none-eabi/10.3.1/../../../../arm-none-eabi/lib/thumb/v7e-m+fp/hard\libc.a(lib_a-__call_atexit.o)
 .text          0x00000000        0x0 d:/program files/gnu arm embedded toolchain/10 2021.07/bin/../lib/gcc/arm-none-eabi/10.3.1/../../../../arm-none-eabi/lib/thumb/v7e-m+fp/hard\libc.a(lib_a-atexit.o)
 .data          0x00000000        0x0 d:/program files/gnu arm embedded toolchain/10 2021.07/bin/../lib/gcc/arm-none-eabi/10.3.1/../../../../arm-none-eabi/lib/thumb/v7e-m+fp/hard\libc.a(lib_a-atexit.o)
 .bss           0x00000000        0x0 d:/program files/gnu arm embedded toolchain/10 2021.07/bin/../lib/gcc/arm-none-eabi/10.3.1/../../../../arm-none-eabi/lib/thumb/v7e-m+fp/hard\libc.a(lib_a-atexit.o)
 .text          0x00000000        0x0 d:/program files/gnu arm embedded toolchain/10 2021.07/bin/../lib/gcc/arm-none-eabi/10.3.1/../../../../arm-none-eabi/lib/thumb/v7e-m+fp/hard\libc.a(lib_a-fini.o)
 .data          0x00000000        0x0 d:/program files/gnu arm embedded toolchain/10 2021.07/bin/../lib/gcc/arm-none-eabi/10.3.1/../../../../arm-none-eabi/lib/thumb/v7e-m+fp/hard\libc.a(lib_a-fini.o)
 .bss           0x00000000        0x0 d:/program files/gnu arm embedded toolchain/10 2021.07/bin/../lib/gcc/arm-none-eabi/10.3.1/../../../../arm-none-eabi/lib/thumb/v7e-m+fp/hard\libc.a(lib_a-fini.o)
 .text          0x00000000        0x0 d:/program files/gnu arm embedded toolchain/10 2021.07/bin/../lib/gcc/arm-none-eabi/10.3.1/../../../../arm-none-eabi/lib/thumb/v7e-m+fp/hard\libc.a(lib_a-lock.o)
 .data          0x00000000        0x0 d:/program files/gnu arm embedded toolchain/10 2021.07/bin/../lib/gcc/arm-none-eabi/10.3.1/../../../../arm-none-eabi/lib/thumb/v7e-m+fp/hard\libc.a(lib_a-lock.o)
 .bss           0x00000000        0x0 d:/program files/gnu arm embedded toolchain/10 2021.07/bin/../lib/gcc/arm-none-eabi/10.3.1/../../../../arm-none-eabi/lib/thumb/v7e-m+fp/hard\libc.a(lib_a-lock.o)
 .text.__retarget_lock_init
                0x00000000        0x4 d:/program files/gnu arm embedded toolchain/10 2021.07/bin/../lib/gcc/arm-none-eabi/10.3.1/../../../../arm-none-eabi/lib/thumb/v7e-m+fp/hard\libc.a(lib_a-lock.o)
 .text.__retarget_lock_init_recursive
                0x00000000        0x4 d:/program files/gnu arm embedded toolchain/10 2021.07/bin/../lib/gcc/arm-none-eabi/10.3.1/../../../../arm-none-eabi/lib/thumb/v7e-m+fp/hard\libc.a(lib_a-lock.o)
 .text.__retarget_lock_close
                0x00000000        0x4 d:/program files/gnu arm embedded toolchain/10 2021.07/bin/../lib/gcc/arm-none-eabi/10.3.1/../../../../arm-none-eabi/lib/thumb/v7e-m+fp/hard\libc.a(lib_a-lock.o)
 .text.__retarget_lock_close_recursive
                0x00000000        0x4 d:/program files/gnu arm embedded toolchain/10 2021.07/bin/../lib/gcc/arm-none-eabi/10.3.1/../../../../arm-none-eabi/lib/thumb/v7e-m+fp/hard\libc.a(lib_a-lock.o)
 .text.__retarget_lock_acquire
                0x00000000        0x4 d:/program files/gnu arm embedded toolchain/10 2021.07/bin/../lib/gcc/arm-none-eabi/10.3.1/../../../../arm-none-eabi/lib/thumb/v7e-m+fp/hard\libc.a(lib_a-lock.o)
 .text.__retarget_lock_try_acquire
                0x00000000        0x4 d:/program files/gnu arm embedded toolchain/10 2021.07/bin/../lib/gcc/arm-none-eabi/10.3.1/../../../../arm-none-eabi/lib/thumb/v7e-m+fp/hard\libc.a(lib_a-lock.o)
 .text.__retarget_lock_try_acquire_recursive
                0x00000000        0x4 d:/program files/gnu arm embedded toolchain/10 2021.07/bin/../lib/gcc/arm-none-eabi/10.3.1/../../../../arm-none-eabi/lib/thumb/v7e-m+fp/hard\libc.a(lib_a-lock.o)
 .text.__retarget_lock_release
                0x00000000        0x4 d:/program files/gnu arm embedded toolchain/10 2021.07/bin/../lib/gcc/arm-none-eabi/10.3.1/../../../../arm-none-eabi/lib/thumb/v7e-m+fp/hard\libc.a(lib_a-lock.o)
 .bss.__lock___arc4random_mutex
                0x00000000        0x1 d:/program files/gnu arm embedded toolchain/10 2021.07/bin/../lib/gcc/arm-none-eabi/10.3.1/../../../../arm-none-eabi/lib/thumb/v7e-m+fp/hard\libc.a(lib_a-lock.o)
 .bss.__lock___at_quick_exit_mutex
                0x00000000        0x1 d:/program files/gnu arm embedded toolchain/10 2021.07/bin/../lib/gcc/arm-none-eabi/10.3.1/../../../../arm-none-eabi/lib/thumb/v7e-m+fp/hard\libc.a(lib_a-lock.o)
 .bss.__lock___dd_hash_mutex
                0x00000000        0x1 d:/program files/gnu arm embedded toolchain/10 2021.07/bin/../lib/gcc/arm-none-eabi/10.3.1/../../../../arm-none-eabi/lib/thumb/v7e-m+fp/hard\libc.a(lib_a-lock.o)
 .bss.__lock___env_recursive_mutex
                0x00000000        0x1 d:/program files/gnu arm embedded toolchain/10 2021.07/bin/../lib/gcc/arm-none-eabi/10.3.1/../../../../arm-none-eabi/lib/thumb/v7e-m+fp/hard\libc.a(lib_a-lock.o)
 .bss.__lock___malloc_recursive_mutex
                0x00000000        0x1 d:/program files/gnu arm embedded toolchain/10 2021.07/bin/../lib/gcc/arm-none-eabi/10.3.1/../../../../arm-none-eabi/lib/thumb/v7e-m+fp/hard\libc.a(lib_a-lock.o)
 .bss.__lock___sfp_recursive_mutex
                0x00000000        0x1 d:/program files/gnu arm embedded toolchain/10 2021.07/bin/../lib/gcc/arm-none-eabi/10.3.1/../../../../arm-none-eabi/lib/thumb/v7e-m+fp/hard\libc.a(lib_a-lock.o)
 .bss.__lock___sinit_recursive_mutex
                0x00000000        0x1 d:/program files/gnu arm embedded toolchain/10 2021.07/bin/../lib/gcc/arm-none-eabi/10.3.1/../../../../arm-none-eabi/lib/thumb/v7e-m+fp/hard\libc.a(lib_a-lock.o)
 .bss.__lock___tz_mutex
                0x00000000        0x1 d:/program files/gnu arm embedded toolchain/10 2021.07/bin/../lib/gcc/arm-none-eabi/10.3.1/../../../../arm-none-eabi/lib/thumb/v7e-m+fp/hard\libc.a(lib_a-lock.o)
 .text          0x00000000        0x0 d:/program files/gnu arm embedded toolchain/10 2021.07/bin/../lib/gcc/arm-none-eabi/10.3.1/../../../../arm-none-eabi/lib/thumb/v7e-m+fp/hard\libc.a(lib_a-__atexit.o)
 .data          0x00000000        0x0 d:/program files/gnu arm embedded toolchain/10 2021.07/bin/../lib/gcc/arm-none-eabi/10.3.1/../../../../arm-none-eabi/lib/thumb/v7e-m+fp/hard\libc.a(lib_a-__atexit.o)
 .bss           0x00000000        0x0 d:/program files/gnu arm embedded toolchain/10 2021.07/bin/../lib/gcc/arm-none-eabi/10.3.1/../../../../arm-none-eabi/lib/thumb/v7e-m+fp/hard\libc.a(lib_a-__atexit.o)
 .text          0x00000000        0x0 d:/program files/gnu arm embedded toolchain/10 2021.07/bin/../lib/gcc/arm-none-eabi/10.3.1/thumb/v7e-m+fp/hard/crtend.o
 .data          0x00000000        0x0 d:/program files/gnu arm embedded toolchain/10 2021.07/bin/../lib/gcc/arm-none-eabi/10.3.1/thumb/v7e-m+fp/hard/crtend.o
 .bss           0x00000000        0x0 d:/program files/gnu arm embedded toolchain/10 2021.07/bin/../lib/gcc/arm-none-eabi/10.3.1/thumb/v7e-m+fp/hard/crtend.o
 .rodata        0x00000000       0x24 d:/program files/gnu arm embedded toolchain/10 2021.07/bin/../lib/gcc/arm-none-eabi/10.3.1/thumb/v7e-m+fp/hard/crtend.o
 .eh_frame      0x00000000        0x4 d:/program files/gnu arm embedded toolchain/10 2021.07/bin/../lib/gcc/arm-none-eabi/10.3.1/thumb/v7e-m+fp/hard/crtend.o
 .ARM.attributes
                0x00000000       0x32 d:/program files/gnu arm embedded toolchain/10 2021.07/bin/../lib/gcc/arm-none-eabi/10.3.1/thumb/v7e-m+fp/hard/crtend.o
 .text          0x00000000        0x0 d:/program files/gnu arm embedded toolchain/10 2021.07/bin/../lib/gcc/arm-none-eabi/10.3.1/thumb/v7e-m+fp/hard/crtn.o
 .data          0x00000000        0x0 d:/program files/gnu arm embedded toolchain/10 2021.07/bin/../lib/gcc/arm-none-eabi/10.3.1/thumb/v7e-m+fp/hard/crtn.o
 .bss           0x00000000        0x0 d:/program files/gnu arm embedded toolchain/10 2021.07/bin/../lib/gcc/arm-none-eabi/10.3.1/thumb/v7e-m+fp/hard/crtn.o

Memory Configuration

Name             Origin             Length             Attributes
RAM              0x20000000         0x00020000         xrw
FLASH            0x08000000         0x00080000         xr
*default*        0x00000000         0xffffffff

Linker script and memory map

LOAD d:/program files/gnu arm embedded toolchain/10 2021.07/bin/../lib/gcc/arm-none-eabi/10.3.1/thumb/v7e-m+fp/hard/crti.o
LOAD d:/program files/gnu arm embedded toolchain/10 2021.07/bin/../lib/gcc/arm-none-eabi/10.3.1/thumb/v7e-m+fp/hard/crtbegin.o
LOAD d:/program files/gnu arm embedded toolchain/10 2021.07/bin/../lib/gcc/arm-none-eabi/10.3.1/../../../../arm-none-eabi/lib/thumb/v7e-m+fp/hard/crt0.o
LOAD build/croutine.o
LOAD build/event_groups.o
LOAD build/heap.o
LOAD build/list.o
LOAD build/main.o
LOAD build/port.o
LOAD build/queue.o
LOAD build/startup.o
LOAD build/stream_buffer.o
LOAD build/tasks.o
LOAD build/timers.o
START GROUP
LOAD d:/program files/gnu arm embedded toolchain/10 2021.07/bin/../lib/gcc/arm-none-eabi/10.3.1/thumb/v7e-m+fp/hard\libgcc.a
LOAD d:/program files/gnu arm embedded toolchain/10 2021.07/bin/../lib/gcc/arm-none-eabi/10.3.1/../../../../arm-none-eabi/lib/thumb/v7e-m+fp/hard\libc.a
END GROUP
LOAD d:/program files/gnu arm embedded toolchain/10 2021.07/bin/../lib/gcc/arm-none-eabi/10.3.1/thumb/v7e-m+fp/hard/crtend.o
LOAD d:/program files/gnu arm embedded toolchain/10 2021.07/bin/../lib/gcc/arm-none-eabi/10.3.1/thumb/v7e-m+fp/hard/crtn.o
                0x20020000                _estack = (ORIGIN (RAM) + LENGTH (RAM))
                0x00000200                _Min_Heap_Size = 0x200
                0x00000400                _Min_Stack_Size = 0x400

.isr_vector     0x08000000      0x198
                0x08000000                . = ALIGN (0x4)
 *(.isr_vector)
 .isr_vector    0x08000000      0x198 build/startup.o
                0x08000000                g_pfnVectors
                0x08000198                . = ALIGN (0x4)

.text           0x080001a0     0x5d58
                0x080001a0                . = ALIGN (0x4)
 *(.text)
 .text          0x080001a0       0x40 d:/program files/gnu arm embedded toolchain/10 2021.07/bin/../lib/gcc/arm-none-eabi/10.3.1/thumb/v7e-m+fp/hard/crtbegin.o
 .text          0x080001e0      0x4fc build/heap.o
                0x080001e0                pvPortMalloc
                0x0800035c                vPortFree
                0x08000414                xPortGetFreeHeapSize
                0x0800042c                xPortGetMinimumEverFreeHeapSize
                0x08000444                vPortInitialiseBlocks
                0x08000452                pvPortCalloc
                0x08000620                vPortGetHeapStats
 .text          0x080006dc      0x168 build/list.o
                0x080006dc                vListInitialise
                0x0800071c                vListInitialiseItem
                0x08000736                vListInsertEnd
                0x0800077e                vListInsert
                0x080007f0                uxListRemove
 .text          0x08000844      0x254 build/main.o
                0x08000844                led_init
                0x080008a0                led_ctrl
                0x080008f4                SystemInit
                0x08000902                vApplicationMallocFailedHook
                0x08000910                vApplicationGetIdleTaskMemory
                0x08000928                vApplicationTickHook
                0x08000936                vApplicationStackOverflowHook
                0x0800094c                vApplicationIdleHook
                0x0800095a                vApplicationGetTimerTaskMemory
                0x08000968                func1
                0x0800098e                func2
                0x080009b4                func3
                0x080009da                func4
                0x08000a00                main
 *fill*         0x08000a98        0x8 
 .text          0x08000aa0      0x4b4 build/port.o
                0x08000aa0                pxPortInitialiseStack
                0x08000b60                SVC_Handler
                0x08000bae                xPortStartScheduler
                0x08000cf0                vPortEndScheduler
                0x08000d28                vPortEnterCritical
                0x08000d88                vPortExitCritical
                0x08000ddc                PendSV_Handler
                0x08000e46                SysTick_Handler
                0x08000e8c                vPortSetupTimerInterrupt
                0x08000ed6                vPortValidateInterruptPriority
 .text          0x08000f54     0x15c8 build/queue.o
                0x08000f54                xQueueGenericReset
                0x08001074                xQueueGenericCreate
                0x0800118a                xQueueCreateMutex
                0x080011ba                xQueueGiveMutexRecursive
                0x08001222                xQueueTakeMutexRecursive
                0x0800128e                xQueueCreateCountingSemaphore
                0x080012ea                xQueueGenericSend
                0x080014e8                xQueueGenericSendFromISR
                0x0800164c                xQueueGiveFromISR
                0x08001794                xQueueReceive
                0x08001954                xQueueSemaphoreTake
                0x08001b50                xQueuePeek
                0x08001d14                xQueueReceiveFromISR
                0x08001e42                xQueuePeekFromISR
                0x08001f14                uxQueueMessagesWaiting
                0x08001f50                uxQueueSpacesAvailable
                0x08001f96                uxQueueMessagesWaitingFromISR
                0x08001fd2                vQueueDelete
                0x0800200e                uxQueueGetQueueNumber
                0x08002026                vQueueSetQueueNumber
                0x08002042                ucQueueGetQueueType
                0x0800227c                xQueueIsQueueEmptyFromISR
                0x080022f4                xQueueIsQueueFullFromISR
                0x08002340                vQueueAddToRegistry
                0x080023dc                pcQueueGetName
                0x08002444                vQueueUnregisterQueue
                0x080024b4                vQueueWaitForMessageRestricted
 .text          0x0800251c     0x2d64 build/tasks.o
                0x0800251c                xTaskCreate
                0x080027f0                vTaskDelete
                0x08002918                xTaskDelayUntil
                0x08002a14                vTaskDelay
                0x08002a7c                eTaskGetState
                0x08002b70                uxTaskPriorityGet
                0x08002ba4                uxTaskPriorityGetFromISR
                0x08002bfc                vTaskPrioritySet
                0x08002da0                vTaskSuspend
                0x08002f44                vTaskResume
                0x08003050                xTaskResumeFromISR
                0x0800318c                vTaskStartScheduler
                0x08003230                vTaskEndScheduler
                0x08003260                vTaskSuspendAll
                0x0800327c                xTaskResumeAll
                0x08003474                xTaskGetTickCount
                0x08003494                xTaskGetTickCountFromISR
                0x080034b8                uxTaskGetNumberOfTasks
                0x080034d0                pcTaskGetName
                0x08003518                uxTaskGetSystemState
                0x08003634                xTaskCatchUpTicks
                0x0800368c                xTaskIncrementTick
                0x080038c8                vTaskSwitchContext
                0x080039c8                vTaskPlaceOnEventList
                0x08003a10                vTaskPlaceOnUnorderedEventList
                0x08003abc                vTaskPlaceOnEventListRestricted
                0x08003b48                xTaskRemoveFromEventList
                0x08003cf4                vTaskRemoveFromUnorderedEventList
                0x08003e74                vTaskSetTimeOutState
                0x08003ec0                vTaskInternalSetTimeOutState
                0x08003eec                xTaskCheckForTimeOut
                0x08003fb8                vTaskMissedYield
                0x08003fd0                uxTaskGetTaskNumber
                0x08003ffc                vTaskSetTaskNumber
                0x08004130                vTaskGetInfo
                0x08004330                xTaskGetCurrentTaskHandle
                0x08004350                xTaskGetSchedulerState
                0x0800438c                xTaskPriorityInherit
                0x080044c8                xTaskPriorityDisinherit
                0x08004610                vTaskPriorityDisinheritAfterTimeout
                0x08004780                uxTaskResetEventItemValue
                0x080047b0                pvTaskIncrementMutexHeldCount
                0x080047d8                ulTaskGenericNotifyTake
                0x080048a8                xTaskGenericNotifyWait
                0x080049a8                xTaskGenericNotify
                0x08004bec                xTaskGenericNotifyFromISR
                0x08004ea4                vTaskGenericNotifyGiveFromISR
                0x080050b0                xTaskGenericNotifyStateClear
                0x08005124                ulTaskGenericNotifyValueClear
 .text          0x08005280      0x90c build/timers.o
                0x08005280                xTimerCreateTimerTask
                0x080052e4                xTimerCreate
                0x08005396                xTimerGenericCommand
                0x08005430                xTimerGetTimerDaemonTaskHandle
                0x08005468                xTimerGetPeriod
                0x080054a0                vTimerSetReloadMode
                0x08005506                xTimerGetReloadMode
                0x08005558                uxTimerGetReloadMode
                0x08005570                xTimerGetExpiryTime
                0x080055ac                pcTimerGetName
                0x08005a84                xTimerIsTimerActive
                0x08005ad6                pvTimerGetTimerID
                0x08005b16                vTimerSetTimerID
                0x08005b56                uxTimerGetTimerNumber
                0x08005b6e                vTimerSetTimerNumber
 .text          0x08005b8c      0x134 d:/program files/gnu arm embedded toolchain/10 2021.07/bin/../lib/gcc/arm-none-eabi/10.3.1/../../../../arm-none-eabi/lib/thumb/v7e-m+fp/hard\libc.a(lib_a-memcpy.o)
                0x08005b8c                memcpy
 *(.text*)
 .text.Reset_Handler
                0x08005cc0       0x50 build/startup.o
                0x08005cc0                Reset_Handler
 .text.Default_Handler
                0x08005d10        0x2 build/startup.o
                0x08005d10                RTC_Alarm_IRQHandler
                0x08005d10                EXTI2_IRQHandler
                0x08005d10                DebugMon_Handler
                0x08005d10                SPI4_IRQHandler
                0x08005d10                TIM1_CC_IRQHandler
                0x08005d10                DMA2_Stream5_IRQHandler
                0x08005d10                HardFault_Handler
                0x08005d10                DMA1_Stream5_IRQHandler
                0x08005d10                PVD_IRQHandler
                0x08005d10                SDIO_IRQHandler
                0x08005d10                TAMP_STAMP_IRQHandler
                0x08005d10                NMI_Handler
                0x08005d10                EXTI3_IRQHandler
                0x08005d10                TIM1_UP_TIM10_IRQHandler
                0x08005d10                I2C3_ER_IRQHandler
                0x08005d10                EXTI0_IRQHandler
                0x08005d10                I2C2_EV_IRQHandler
                0x08005d10                DMA1_Stream2_IRQHandler
                0x08005d10                FPU_IRQHandler
                0x08005d10                UsageFault_Handler
                0x08005d10                DMA2_Stream2_IRQHandler
                0x08005d10                SPI1_IRQHandler
                0x08005d10                TIM1_BRK_TIM9_IRQHandler
                0x08005d10                DMA2_Stream3_IRQHandler
                0x08005d10                USART6_IRQHandler
                0x08005d10                DMA2_Stream0_IRQHandler
                0x08005d10                TIM4_IRQHandler
                0x08005d10                I2C1_EV_IRQHandler
                0x08005d10                DMA1_Stream6_IRQHandler
                0x08005d10                DMA1_Stream1_IRQHandler
                0x08005d10                TIM3_IRQHandler
                0x08005d10                RCC_IRQHandler
                0x08005d10                Default_Handler
                0x08005d10                EXTI15_10_IRQHandler
                0x08005d10                ADC_IRQHandler
                0x08005d10                DMA1_Stream7_IRQHandler
                0x08005d10                SPI5_IRQHandler
                0x08005d10                TIM5_IRQHandler
                0x08005d10                DMA2_Stream7_IRQHandler
                0x08005d10                I2C3_EV_IRQHandler
                0x08005d10                EXTI9_5_IRQHandler
                0x08005d10                RTC_WKUP_IRQHandler
                0x08005d10                SPI2_IRQHandler
                0x08005d10                MemManage_Handler
                0x08005d10                DMA1_Stream0_IRQHandler
                0x08005d10                EXTI4_IRQHandler
                0x08005d10                WWDG_IRQHandler
                0x08005d10                TIM2_IRQHandler
                0x08005d10                OTG_FS_WKUP_IRQHandler
                0x08005d10                TIM1_TRG_COM_TIM11_IRQHandler
                0x08005d10                EXTI1_IRQHandler
                0x08005d10                USART2_IRQHandler
                0x08005d10                I2C2_ER_IRQHandler
                0x08005d10                DMA2_Stream1_IRQHandler
                0x08005d10                FLASH_IRQHandler
                0x08005d10                DMA2_Stream4_IRQHandler
                0x08005d10                BusFault_Handler
                0x08005d10                USART1_IRQHandler
                0x08005d10                OTG_FS_IRQHandler
                0x08005d10                SPI3_IRQHandler
                0x08005d10                DMA1_Stream4_IRQHandler
                0x08005d10                I2C1_ER_IRQHandler
                0x08005d10                DMA2_Stream6_IRQHandler
                0x08005d10                DMA1_Stream3_IRQHandler
 *fill*         0x08005d12        0x2 
 .text.__libc_init_array
                0x08005d14       0x48 d:/program files/gnu arm embedded toolchain/10 2021.07/bin/../lib/gcc/arm-none-eabi/10.3.1/../../../../arm-none-eabi/lib/thumb/v7e-m+fp/hard\libc.a(lib_a-init.o)
                0x08005d14                __libc_init_array
 .text.memset   0x08005d5c       0xa4 d:/program files/gnu arm embedded toolchain/10 2021.07/bin/../lib/gcc/arm-none-eabi/10.3.1/../../../../arm-none-eabi/lib/thumb/v7e-m+fp/hard\libc.a(lib_a-memset.o)
                0x08005d5c                memset
 .text.startup.register_fini
                0x08005e00       0x14 d:/program files/gnu arm embedded toolchain/10 2021.07/bin/../lib/gcc/arm-none-eabi/10.3.1/../../../../arm-none-eabi/lib/thumb/v7e-m+fp/hard\libc.a(lib_a-__call_atexit.o)
 .text.atexit   0x08005e14        0xc d:/program files/gnu arm embedded toolchain/10 2021.07/bin/../lib/gcc/arm-none-eabi/10.3.1/../../../../arm-none-eabi/lib/thumb/v7e-m+fp/hard\libc.a(lib_a-atexit.o)
                0x08005e14                atexit
 .text.__libc_fini_array
                0x08005e20       0x2c d:/program files/gnu arm embedded toolchain/10 2021.07/bin/../lib/gcc/arm-none-eabi/10.3.1/../../../../arm-none-eabi/lib/thumb/v7e-m+fp/hard\libc.a(lib_a-fini.o)
                0x08005e20                __libc_fini_array
 .text.__retarget_lock_acquire_recursive
                0x08005e4c        0x4 d:/program files/gnu arm embedded toolchain/10 2021.07/bin/../lib/gcc/arm-none-eabi/10.3.1/../../../../arm-none-eabi/lib/thumb/v7e-m+fp/hard\libc.a(lib_a-lock.o)
                0x08005e4c                __retarget_lock_acquire_recursive
 .text.__retarget_lock_release_recursive
                0x08005e50        0x4 d:/program files/gnu arm embedded toolchain/10 2021.07/bin/../lib/gcc/arm-none-eabi/10.3.1/../../../../arm-none-eabi/lib/thumb/v7e-m+fp/hard\libc.a(lib_a-lock.o)
                0x08005e50                __retarget_lock_release_recursive
 .text.__register_exitproc
                0x08005e54       0x8c d:/program files/gnu arm embedded toolchain/10 2021.07/bin/../lib/gcc/arm-none-eabi/10.3.1/../../../../arm-none-eabi/lib/thumb/v7e-m+fp/hard\libc.a(lib_a-__atexit.o)
                0x08005e54                __register_exitproc
 *(.glue_7)
 .glue_7        0x08005ee0        0x0 linker stubs
 *(.glue_7t)
 .glue_7t       0x08005ee0        0x0 linker stubs
 *(.eh_frame)
 .eh_frame      0x08005ee0        0x0 d:/program files/gnu arm embedded toolchain/10 2021.07/bin/../lib/gcc/arm-none-eabi/10.3.1/thumb/v7e-m+fp/hard/crtbegin.o
 *(.init)
 .init          0x08005ee0        0x4 d:/program files/gnu arm embedded toolchain/10 2021.07/bin/../lib/gcc/arm-none-eabi/10.3.1/thumb/v7e-m+fp/hard/crti.o
                0x08005ee0                _init
 .init          0x08005ee4        0x8 d:/program files/gnu arm embedded toolchain/10 2021.07/bin/../lib/gcc/arm-none-eabi/10.3.1/thumb/v7e-m+fp/hard/crtn.o
 *(.fini)
 .fini          0x08005eec        0x4 d:/program files/gnu arm embedded toolchain/10 2021.07/bin/../lib/gcc/arm-none-eabi/10.3.1/thumb/v7e-m+fp/hard/crti.o
                0x08005eec                _fini
 .fini          0x08005ef0        0x8 d:/program files/gnu arm embedded toolchain/10 2021.07/bin/../lib/gcc/arm-none-eabi/10.3.1/thumb/v7e-m+fp/hard/crtn.o
                0x08005ef8                . = ALIGN (0x4)
                0x08005ef8                _etext = .

.vfp11_veneer   0x08005ef8        0x0
 .vfp11_veneer  0x08005ef8        0x0 linker stubs

.v4_bx          0x08005ef8        0x0
 .v4_bx         0x08005ef8        0x0 linker stubs

.iplt           0x08005ef8        0x0
 .iplt          0x08005ef8        0x0 d:/program files/gnu arm embedded toolchain/10 2021.07/bin/../lib/gcc/arm-none-eabi/10.3.1/thumb/v7e-m+fp/hard/crtbegin.o

.rodata         0x08005ef8       0x3c
                0x08005ef8                . = ALIGN (0x4)
 *(.rodata)
 .rodata        0x08005ef8       0x1f build/main.o
 *fill*         0x08005f17        0x1 
 .rodata        0x08005f18        0x5 build/tasks.o
 *fill*         0x08005f1d        0x3 
 .rodata        0x08005f20        0xd build/timers.o
 *(.rodata*)
 *fill*         0x08005f2d        0x3 
 .rodata._global_impure_ptr
                0x08005f30        0x4 d:/program files/gnu arm embedded toolchain/10 2021.07/bin/../lib/gcc/arm-none-eabi/10.3.1/../../../../arm-none-eabi/lib/thumb/v7e-m+fp/hard\libc.a(lib_a-impure.o)
                0x08005f30                _global_impure_ptr
                0x08005f34                . = ALIGN (0x4)

.rel.dyn        0x08005f34        0x0
 .rel.iplt      0x08005f34        0x0 d:/program files/gnu arm embedded toolchain/10 2021.07/bin/../lib/gcc/arm-none-eabi/10.3.1/thumb/v7e-m+fp/hard/crtbegin.o

.ARM.extab      0x08005f34        0x0
                0x08005f34                . = ALIGN (0x4)
 *(.ARM.extab* .gnu.linkonce.armextab.*)
                0x08005f34                . = ALIGN (0x4)

.ARM            0x08005f34        0x0
                0x08005f34                . = ALIGN (0x4)
                0x08005f34                __exidx_start = .
 *(.ARM.exidx*)
                0x08005f34                __exidx_end = .
                0x08005f34                . = ALIGN (0x4)

.preinit_array  0x08005f34        0x0
                0x08005f34                . = ALIGN (0x4)
                0x08005f34                PROVIDE (__preinit_array_start = .)
 *(.preinit_array*)
                0x08005f34                PROVIDE (__preinit_array_end = .)
                0x08005f34                . = ALIGN (0x4)

.init_array     0x08005f34        0x8
                0x08005f34                . = ALIGN (0x4)
                0x08005f34                PROVIDE (__init_array_start = .)
 *(SORT_BY_NAME(.init_array.*))
 .init_array.00000
                0x08005f34        0x4 d:/program files/gnu arm embedded toolchain/10 2021.07/bin/../lib/gcc/arm-none-eabi/10.3.1/../../../../arm-none-eabi/lib/thumb/v7e-m+fp/hard\libc.a(lib_a-__call_atexit.o)
 *(.init_array*)
 .init_array    0x08005f38        0x4 d:/program files/gnu arm embedded toolchain/10 2021.07/bin/../lib/gcc/arm-none-eabi/10.3.1/thumb/v7e-m+fp/hard/crtbegin.o
                0x08005f3c                PROVIDE (__init_array_end = .)
                0x08005f3c                . = ALIGN (0x4)

.fini_array     0x08005f3c        0x4
                0x08005f3c                . = ALIGN (0x4)
                0x08005f3c                PROVIDE (__fini_array_start = .)
 *(SORT_BY_NAME(.fini_array.*))
 *(.fini_array*)
 .fini_array    0x08005f3c        0x4 d:/program files/gnu arm embedded toolchain/10 2021.07/bin/../lib/gcc/arm-none-eabi/10.3.1/thumb/v7e-m+fp/hard/crtbegin.o
                0x08005f40                PROVIDE (__fini_array_end = .)
                0x08005f40                . = ALIGN (0x4)
                0x08005f40                _sidata = LOADADDR (.data)

.data           0x20000000      0x434 load address 0x08005f40
                0x20000000                . = ALIGN (0x4)
                0x20000000                _sdata = .
 *(.data)
 .data          0x20000000        0x4 build/port.o
 .data          0x20000004        0x4 build/tasks.o
                0x20000004                uxTopUsedPriority
 *(.data*)
 .data.impure_data
                0x20000008      0x428 d:/program files/gnu arm embedded toolchain/10 2021.07/bin/../lib/gcc/arm-none-eabi/10.3.1/../../../../arm-none-eabi/lib/thumb/v7e-m+fp/hard\libc.a(lib_a-impure.o)
 .data.__atexit_recursive_mutex
                0x20000430        0x4 d:/program files/gnu arm embedded toolchain/10 2021.07/bin/../lib/gcc/arm-none-eabi/10.3.1/../../../../arm-none-eabi/lib/thumb/v7e-m+fp/hard\libc.a(lib_a-__call_atexit.o)
                0x20000430                __atexit_recursive_mutex
 *(.RamFunc)
 *(.RamFunc*)
 *(.FuncInRam)
                0x20000434                . = ALIGN (0x4)
                0x20000434                _edata = .

.igot.plt       0x20000434        0x0 load address 0x08006374
 .igot.plt      0x20000434        0x0 d:/program files/gnu arm embedded toolchain/10 2021.07/bin/../lib/gcc/arm-none-eabi/10.3.1/thumb/v7e-m+fp/hard/crtbegin.o
                0x20000434                . = ALIGN (0x4)

.bss            0x20000434    0x12dd4 load address 0x08006374
                0x20000434                _sbss = .
                0x20000434                __bss_start__ = _sbss
 *(.bss)
 .bss           0x20000434       0x1c d:/program files/gnu arm embedded toolchain/10 2021.07/bin/../lib/gcc/arm-none-eabi/10.3.1/thumb/v7e-m+fp/hard/crtbegin.o
 .bss           0x20000450    0x12c1c build/heap.o
 .bss           0x2001306c       0x10 build/main.o
                0x2001306c                task1
                0x20013070                task2
                0x20013074                task3
                0x20013078                task4
 .bss           0x2001307c        0x8 build/port.o
 .bss           0x20013084       0x40 build/queue.o
                0x20013084                xQueueRegistry
 .bss           0x200130c4      0x104 build/tasks.o
                0x200130c4                pxCurrentTCB
 .bss           0x200131c8       0x3c build/timers.o
 *(.bss*)
 .bss.__lock___atexit_recursive_mutex
                0x20013204        0x1 d:/program files/gnu arm embedded toolchain/10 2021.07/bin/../lib/gcc/arm-none-eabi/10.3.1/../../../../arm-none-eabi/lib/thumb/v7e-m+fp/hard\libc.a(lib_a-lock.o)
                0x20013204                __lock___atexit_recursive_mutex
 *(COMMON)
                0x20013208                . = ALIGN (0x4)
 *fill*         0x20013205        0x3 
                0x20013208                _ebss = .
                0x20013208                __bss_end__ = _ebss

._user_heap_stack
                0x20013208      0x600 load address 0x08006374
                0x20013208                . = ALIGN (0x8)
                [!provide]                PROVIDE (end = .)
                [!provide]                PROVIDE (_end = .)
                0x20013408                . = (. + _Min_Heap_Size)
 *fill*         0x20013208      0x200 
                0x20013808                . = (. + _Min_Stack_Size)
 *fill*         0x20013408      0x400 
                0x20013808                . = ALIGN (0x8)

/DISCARD/
 libc.a(*)
 libm.a(*)
 libgcc.a(*)

.ARM.attributes
                0x00000000       0x30
 *(.ARM.attributes)
 .ARM.attributes
                0x00000000       0x1e d:/program files/gnu arm embedded toolchain/10 2021.07/bin/../lib/gcc/arm-none-eabi/10.3.1/thumb/v7e-m+fp/hard/crti.o
 .ARM.attributes
                0x0000001e       0x34 d:/program files/gnu arm embedded toolchain/10 2021.07/bin/../lib/gcc/arm-none-eabi/10.3.1/thumb/v7e-m+fp/hard/crtbegin.o
 .ARM.attributes
                0x00000052       0x34 build/heap.o
 .ARM.attributes
                0x00000086       0x34 build/list.o
 .ARM.attributes
                0x000000ba       0x34 build/main.o
 .ARM.attributes
                0x000000ee       0x34 build/port.o
 .ARM.attributes
                0x00000122       0x34 build/queue.o
 .ARM.attributes
                0x00000156       0x21 build/startup.o
 .ARM.attributes
                0x00000177       0x34 build/tasks.o
 .ARM.attributes
                0x000001ab       0x34 build/timers.o
 .ARM.attributes
                0x000001df       0x32 d:/program files/gnu arm embedded toolchain/10 2021.07/bin/../lib/gcc/arm-none-eabi/10.3.1/../../../../arm-none-eabi/lib/thumb/v7e-m+fp/hard\libc.a(lib_a-impure.o)
 .ARM.attributes
                0x00000211       0x34 d:/program files/gnu arm embedded toolchain/10 2021.07/bin/../lib/gcc/arm-none-eabi/10.3.1/../../../../arm-none-eabi/lib/thumb/v7e-m+fp/hard\libc.a(lib_a-init.o)
 .ARM.attributes
                0x00000245       0x1c d:/program files/gnu arm embedded toolchain/10 2021.07/bin/../lib/gcc/arm-none-eabi/10.3.1/../../../../arm-none-eabi/lib/thumb/v7e-m+fp/hard\libc.a(lib_a-memcpy.o)
 .ARM.attributes
                0x00000261       0x34 d:/program files/gnu arm embedded toolchain/10 2021.07/bin/../lib/gcc/arm-none-eabi/10.3.1/../../../../arm-none-eabi/lib/thumb/v7e-m+fp/hard\libc.a(lib_a-memset.o)
 .ARM.attributes
                0x00000295       0x34 d:/program files/gnu arm embedded toolchain/10 2021.07/bin/../lib/gcc/arm-none-eabi/10.3.1/../../../../arm-none-eabi/lib/thumb/v7e-m+fp/hard\libc.a(lib_a-__call_atexit.o)
 .ARM.attributes
                0x000002c9       0x34 d:/program files/gnu arm embedded toolchain/10 2021.07/bin/../lib/gcc/arm-none-eabi/10.3.1/../../../../arm-none-eabi/lib/thumb/v7e-m+fp/hard\libc.a(lib_a-atexit.o)
 .ARM.attributes
                0x000002fd       0x34 d:/program files/gnu arm embedded toolchain/10 2021.07/bin/../lib/gcc/arm-none-eabi/10.3.1/../../../../arm-none-eabi/lib/thumb/v7e-m+fp/hard\libc.a(lib_a-fini.o)
 .ARM.attributes
                0x00000331       0x34 d:/program files/gnu arm embedded toolchain/10 2021.07/bin/../lib/gcc/arm-none-eabi/10.3.1/../../../../arm-none-eabi/lib/thumb/v7e-m+fp/hard\libc.a(lib_a-lock.o)
 .ARM.attributes
                0x00000365       0x34 d:/program files/gnu arm embedded toolchain/10 2021.07/bin/../lib/gcc/arm-none-eabi/10.3.1/../../../../arm-none-eabi/lib/thumb/v7e-m+fp/hard\libc.a(lib_a-__atexit.o)
 .ARM.attributes
                0x00000399       0x1e d:/program files/gnu arm embedded toolchain/10 2021.07/bin/../lib/gcc/arm-none-eabi/10.3.1/thumb/v7e-m+fp/hard/crtn.o
OUTPUT(build/fw.elf elf32-littlearm)
LOAD linker stubs
LOAD d:/program files/gnu arm embedded toolchain/10 2021.07/bin/../lib/gcc/arm-none-eabi/10.3.1/../../../../arm-none-eabi/lib/thumb/v7e-m+fp/hard\libc.a
LOAD d:/program files/gnu arm embedded toolchain/10 2021.07/bin/../lib/gcc/arm-none-eabi/10.3.1/../../../../arm-none-eabi/lib/thumb/v7e-m+fp/hard\libm.a
LOAD d:/program files/gnu arm embedded toolchain/10 2021.07/bin/../lib/gcc/arm-none-eabi/10.3.1/thumb/v7e-m+fp/hard\libgcc.a

.comment        0x00000000       0x49
 .comment       0x00000000       0x49 build/heap.o
                                 0x4a (size before relaxing)
 .comment       0x00000049       0x4a build/list.o
 .comment       0x00000049       0x4a build/main.o
 .comment       0x00000049       0x4a build/port.o
 .comment       0x00000049       0x4a build/queue.o
 .comment       0x00000049       0x4a build/tasks.o
 .comment       0x00000049       0x4a build/timers.o

.debug_frame    0x00000000      0x1f8
 .debug_frame   0x00000000       0x2c d:/program files/gnu arm embedded toolchain/10 2021.07/bin/../lib/gcc/arm-none-eabi/10.3.1/../../../../arm-none-eabi/lib/thumb/v7e-m+fp/hard\libc.a(lib_a-init.o)
 .debug_frame   0x0000002c       0x2c d:/program files/gnu arm embedded toolchain/10 2021.07/bin/../lib/gcc/arm-none-eabi/10.3.1/../../../../arm-none-eabi/lib/thumb/v7e-m+fp/hard\libc.a(lib_a-memset.o)
 .debug_frame   0x00000058       0x68 d:/program files/gnu arm embedded toolchain/10 2021.07/bin/../lib/gcc/arm-none-eabi/10.3.1/../../../../arm-none-eabi/lib/thumb/v7e-m+fp/hard\libc.a(lib_a-__call_atexit.o)
 .debug_frame   0x000000c0       0x20 d:/program files/gnu arm embedded toolchain/10 2021.07/bin/../lib/gcc/arm-none-eabi/10.3.1/../../../../arm-none-eabi/lib/thumb/v7e-m+fp/hard\libc.a(lib_a-atexit.o)
 .debug_frame   0x000000e0       0x34 d:/program files/gnu arm embedded toolchain/10 2021.07/bin/../lib/gcc/arm-none-eabi/10.3.1/../../../../arm-none-eabi/lib/thumb/v7e-m+fp/hard\libc.a(lib_a-fini.o)
 .debug_frame   0x00000114       0xb0 d:/program files/gnu arm embedded toolchain/10 2021.07/bin/../lib/gcc/arm-none-eabi/10.3.1/../../../../arm-none-eabi/lib/thumb/v7e-m+fp/hard\libc.a(lib_a-lock.o)
 .debug_frame   0x000001c4       0x34 d:/program files/gnu arm embedded toolchain/10 2021.07/bin/../lib/gcc/arm-none-eabi/10.3.1/../../../../arm-none-eabi/lib/thumb/v7e-m+fp/hard\libc.a(lib_a-__atexit.o)
